lsfg-vk: Placing default configuration file at /tmp/tforge-gate0/t0-1/config/lsfg-vk/conf.toml
[2026-09-13 07:14:03] INFO  ?:0: Vulkan: using Qt shared instance
[2026-09-13 07:14:03] DEBUG ?:0: Vulkan: candidate 'AMD Radeon RX 7900 GRE (RADV NAVI31)' vendor=0x1002 type=2 vram=16368MiB [AMD/RADV]
[2026-09-13 07:14:03] DEBUG ?:0: Vulkan: candidate 'AMD Ryzen 7 7800X3D 8-Core Processor (RADV RAPHAEL_MENDOCINO)' vendor=0x1002 type=1 vram=10748MiB [AMD/RADV]
[2026-09-13 07:14:03] INFO  ?:0: Vulkan: enumerated 246 device extensions on 'AMD Radeon RX 7900 GRE (RADV NAVI31)'
[2026-09-13 07:14:03] INFO  ?:0: Vulkan: enabled device extensions (5):
[2026-09-13 07:14:03] INFO  ?:0: Vulkan:   ext VK_KHR_swapchain
[2026-09-13 07:14:03] INFO  ?:0: Vulkan:   ext VK_KHR_external_memory_fd
[2026-09-13 07:14:03] INFO  ?:0: Vulkan:   ext VK_EXT_image_drm_format_modifier
[2026-09-13 07:14:03] INFO  ?:0: Vulkan:   ext VK_KHR_cooperative_matrix
[2026-09-13 07:14:03] INFO  ?:0: Vulkan:   ext VK_EXT_subgroup_size_control
[2026-09-13 07:14:03] INFO  ?:0: Vulkan: enabled device features (14): baseline[samplerAnisotropy=true textureCompressionBC=true shaderStorageImageWriteWithoutFormat=true imageCubeArray=true shaderStorageImageExtendedFormats=true timelineSemaphore=true shaderSubgroupExtendedTypes=true] fsr4[shaderFloat16=true shaderInt8=true shaderIntegerDotProduct=true storageBuffer8BitAccess=true subgroupSizeControl=true computeFullSubgroups=true cooperativeMatrix=true]
[2026-09-13 07:14:03] INFO  ?:0: Vulkan: fsr4ClassExtensions=true fsr4ClassFeatures=true requireSubgroupSize64=true (bounds 32..64)
[2026-09-13 07:14:03] INFO  ?:0: Vulkan: graphics queue family 0, FSR compute queue family 1
[2026-09-13 07:14:03] INFO  ?:0: Vulkan: device 'AMD Radeon RX 7900 GRE (RADV NAVI31)' selected, queue family 0
[2026-09-13 07:14:03] INFO  ?:0: Settings: defaults (path: /tmp/tforge-gate0/t0-1/config/temporal-forge-player/settings.json)
[2026-09-13 07:14:03] INFO  ?:0: QualityLab: /mnt/workdrive/ZCodeProject/temporal_forge_player/config/quality_lab.json enabled=true composition=base_only base=bilinear colorSpace=model sharpen=none toneEV=-0.015
[2026-09-13 07:14:03] INFO  ?:0: GpuCapabilityProbe: AMD Radeon RX 7900 GRE (RADV NAVI31) (radv) -> INT8 DOT4 (RDNA3 cooperative matrix, SINT8->SINT32) [tile 16x16, SINT8->SINT32 accum] + FP16 fallback available
[2026-09-13 07:14:03] INFO  ?:0: PlaybackEngine: Vulkan handles set; FSR4 will be initialized on first frame
[2026-09-13 07:14:03] INFO  ?:0: PlaybackEngine: FSR4 upscaling enabled
[2026-09-13 07:14:03] INFO  ?:0: Auto-opening playlist with 1 item(s)
[2026-09-13 07:14:03] INFO  ?:0: PlaybackEngine: openUrl('file:///mnt/workdrive/ZCodeProject/temporal_forge_player/tests/sample.mp4')
[2026-09-13 07:14:03] INFO  ?:0: PlaybackEngine: close() stopThreads
[2026-09-13 07:14:03] INFO  ?:0: PlaybackEngine: close() audio.stop
[2026-09-13 07:14:03] INFO  ?:0: PlaybackEngine: FSR4 path torn down
[2026-09-13 07:14:03] INFO  ?:0: PlaybackEngine: close() fully done
[2026-09-13 07:14:03] INFO  ?:0: PlaybackEngine: close() done, opening demuxer
[2026-09-13 07:14:03] INFO  ?:0: PlaybackEngine: demux->open('/mnt/workdrive/ZCodeProject/temporal_forge_player/tests/sample.mp4')
[2026-09-13 07:14:03] INFO  ?:0: Demuxer: opened '/mnt/workdrive/ZCodeProject/temporal_forge_player/tests/sample.mp4' [mov,mp4,m4a,3gp,3g2,mj2] duration=5.000s streams=2 video=0 audio=1 sub=-1381258232
[2026-09-13 07:14:03] DEBUG ?:0: Demuxer: video 640x360 30 fps
[2026-09-13 07:14:03] INFO  ?:0: PlaybackEngine: demux opened ok
[2026-09-13 07:14:03] INFO  ?:0: VideoDecoder: hardware decode disabled because codec motion metadata was requested
[2026-09-13 07:14:03] INFO  ?:0: VideoDecoder: opened codec 'h264' 640x360 pix_fmt=yuv420p
[2026-09-13 07:14:03] INFO  ?:0: AudioDecoder: opened codec 'aac' -> 2ch 48000Hz float
[2026-09-13 07:14:03] INFO  ?:0: PlaybackEngine: starting audio (2ch 48000Hz)
[2026-09-13 07:14:03] INFO  ?:0: AudioSink: started 2ch 48000Hz
[2026-09-13 07:14:03] INFO  ?:0: PlaybackEngine: audio started
[2026-09-13 07:14:03] INFO  ?:0: PlaybackEngine: starting decode threads
[2026-09-13 07:14:03] INFO  ?:0: PlaybackEngine: opened '/mnt/workdrive/ZCodeProject/temporal_forge_player/tests/sample.mp4', playing=true
[2026-09-13 07:14:03] INFO  ?:0: Temporal Forge Player: ready
[h264 @ 0x55b4d4361340] A hardware frames or device context is required for hardware accelerated decoding.
[h264 @ 0x55b4d4361340] Failed setup for format vaapi: hwaccel initialisation returned error.
[2026-09-13 07:14:03] INFO  ?:0: PlaybackEngine: FSR4 pass decoded 640x360 -> model 1280x720 -> 1920x1080
[2026-09-13 07:14:03] INFO  ?:0: Fsr4Harness: generic pipeline cache loaded (386812 bytes)
[2026-09-13 07:14:03] INFO  ?:0: Fsr4Harness: prepass pipeline created (7256 words SPIR-V)
[2026-09-13 07:14:03] INFO  ?:0: Fsr4Harness: conv pipelines created (dw 6305 words, pw scalar 3451 words, pw coop 5907 words, fp16 coop 3866 words, pw direct 2976 words, spatial direct 3354 words, upscale coop 3281 words, downscale coop 2622 words)
[2026-09-13 07:14:03] INFO  ?:0: Fsr4Harness: scatter pipeline created (799 words)
[2026-09-13 07:14:03] INFO  ?:0: Fsr4Harness: postpass pipeline created (21697 words)
[2026-09-13 07:14:03] INFO  ?:0: Fsr4Harness: SPD pipeline created (954 words)
[2026-09-13 07:14:03] INFO  ?:0: Fsr4Harness: native INT8 pipeline cache loaded (2777892 bytes)
[2026-09-13 07:14:03] INFO  ?:0: Fsr4Harness: initialized on AMD Radeon RX 7900 GRE (RADV NAVI31) (all 6 pipelines: prepass+conv+scatter+postpass+spd)
[2026-09-13 07:14:03] INFO  ?:0: Fsr4Harness: native 14-pass INT8 graph loaded (quality_1080)
[2026-09-13 07:14:03] INFO  ?:0: Fsr4Harness: resources allocated src=1280x720 out=1920x1080 (scratch=20250KB accum=4KB feat=4KB)
[2026-09-13 07:14:03] INFO  ?:0: Fsr4Harness: native INT8 graph quality active for 1920x1080
[2026-09-13 07:14:03] INFO  ?:0: GpuImageUploader: EASU RGBA8 format features optimal=0x1dd83
[2026-09-13 07:14:03] INFO  ?:0: GpuImageUploader: allocated source 640x360 -> model 1280x720 -> output 1920x1080
[2026-09-13 07:14:03] INFO  ?:0: PlaybackEngine: FSR4 path ready decoded 640x360 -> model 1280x720 -> 1920x1080
[2026-09-13 07:14:03] INFO  ?:0: PlaybackEngine: FSR4 progressive chain passes=1
[2026-09-13 07:14:03] INFO  GpuImageUploader.cpp:1805: GpuImageUploader: source_model_resampler=gpu_scale_aware_bicubic 640x360->1280x720
[2026-09-13 07:14:03] INFO  GpuImageUploader.cpp:1109: GpuImageUploader: source_model_resampler=gpu_scale_aware_bicubic 640x360->1280x720
[2026-09-13 07:14:03] INFO  ?:0: PlaybackEngine: FSR4 frame pipelineCPU=2.073ms dispatchCPU(all 1 passes)=2.029ms GPU(all 1 passes)=1.854ms
[2026-09-13 07:14:03] INFO  ?:0: PlaybackEngine: FSR4 frame pipelineCPU=1.784ms dispatchCPU(all 1 passes)=1.741ms GPU(all 1 passes)=1.578ms
